Command: C:\Espressif\python_env\idf5.5_py3.11_env\Scripts\python.exe C:\Espressif\frameworks\esp-idf-v5.5.4\tools/idf_monitor.py -p COM16 -b 115200 --toolchain-prefix xtensa-esp32-elf- --target esp32 --revision 0 C:\Espressif\frameworks\esp-idf-v5.5.4\psu_firmware_sargent\build\demo-control-system.elf C:\Espressif\frameworks\esp-idf-v5.5.4\psu_firmware_sargent\build\bootloader\bootloader.elf --force-color -m 'C:\Espressif\python_env\idf5.5_py3.11_env\Scripts\python.exe' 'C:\Espressif\frameworks\esp-idf-v5.5.4\tools\idf.py'
ets Jul 29 2019 12:21:46

rst:0x1 (POWERON_RESET),boot:0x13 (SPI_FAST_FLASH_BOOT)
configsip: 0, SPIWP:0xee�ets Jul 29 2019 12:21:46

rst:0x1 (POWERON_RESET),boot:0x13 (SPI_FAST_FLASH_BOOT)
configsip: 0, SPIWP:0xee
clk_drv:0x00,q_drv:0x00,d_drv:0x00,cs0_drv:0x00,hd_drv:0x00,wp_drv:0x00
mode:DIO, clock div:2
load:0x3fff0030,len:6280
load:0x40078000,len:15864
load:0x40080400,len:3920
entry 0x40080644
[0;32mI (27) boot: ESP-IDF v5.5.4-dirty 2nd stage bootloader[0m
[0;32mI (27) boot: compile time May 13 2026 22:49:12[0m
[0;32mI (28) boot: Multicore bootloader[0m
[0;32mI (29) boot: chip revision: v3.1[0m
[0;32mI (32) boot.esp32: SPI Speed      : 40MHz[0m
[0;32mI (36) boot.esp32: SPI Mode       : DIO[0m
[0;32mI (39) boot.esp32: SPI Flash Size : 2MB[0m
[0;32mI (43) boot: Enabling RNG early entropy source...[0m
[0;32mI (47) boot: Partition Table:[0m
[0;32mI (50) boot: ## Label            Usage          Type ST Offset   Length[0m
[0;32mI (56) boot:  0 nvs              WiFi data        01 02 00009000 00006000[0m
[0;32mI (63) boot:  1 phy_init         RF data          01 01 0000f000 00001000[0m
[0;32mI (69) boot:  2 factory          factory app      00 00 00010000 00100000[0m
[0;32mI (76) boot: End of partition table[0m
[0;32mI (79) esp_image: segment 0: paddr=00010020 vaddr=3f400020 size=09dc8h ( 40392) map[0m
[0;32mI (101) esp_image: segment 1: paddr=00019df0 vaddr=3ffb0000 size=02834h ( 10292) load[0m
[0;32mI (105) esp_image: segment 2: paddr=0001c62c vaddr=40080000 size=039ech ( 14828) load[0m
[0;32mI (111) esp_image: segment 3: paddr=00020020 vaddr=400d0020 size=111e4h ( 70116) map[0m
[0;32mI (136) esp_image: segment 4: paddr=0003120c vaddr=400839ec size=094e8h ( 38120) load[0m
[0;32mI (151) esp_image: segment 5: paddr=0003a6fc vaddr=50000000 size=00020h (    32) load[0m
[0;32mI (158) boot: Loaded app from partition at offset 0x10000[0m
[0;32mI (158) boot: Disabling RNG early entropy source...[0m
[0;32mI (169) cpu_start: Multicore app[0m
[0;32mI (177) cpu_start: GPIO 3 and 1 are used as console UART I/O pins[0m
[0;32mI (178) cpu_start: Pro cpu start user code[0m
[0;32mI (178) cpu_start: cpu freq: 160000000 Hz[0m
[0;32mI (179) app_init: Application information:[0m
[0;32mI (183) app_init: Project name:     demo-control-system[0m
[0;32mI (188) app_init: App version:      v5.5.4-dirty[0m
[0;32mI (193) app_init: Compile time:     May 13 2026 22:47:52[0m
[0;32mI (198) app_init: ELF file SHA256:  221bfa007...[0m
I (202) app_init: ESP-IDF:          v5.5.4-dirty
[0;32mI (206) efuse_init: Min chip rev:     v0.0[0m
[0;32mI (210) efuse_init: Max chip rev:     v3.99 [0m
[0;32mI (214) efuse_init: Chip rev:         v3.1[0m
[0;32mI (218) heap_init: Initializing. RAM available for dynamic allocation:[0m
[0;32mI (224) heap_init: At 3FFAE6E0 len 00001920 (6 KiB): DRAM[0m
[0;32mI (229) heap_init: At 3FFB3128 len 0002CED8 (179 KiB): DRAM[0m
[0;32mI (235) heap_init: At 3FFE0440 len 00003AE0 (14 KiB): D/IRAM[0m
[0;32mI (240) heap_init: At 3FFE4350 len 0001BCB0 (111 KiB): D/IRAM[0m
[0;32mI (245) heap_init: At 4008CED4 len 0001312C (76 KiB): IRAM[0m
[0;32mI (252) spi_flash: detected chip: generic[0m
[0;32mI (254) spi_flash: flash io: dio[0m
[0;33mW (257) spi_flash: Detected size(4096k) larger than the size in the binary image header(2048k). Using the size in the binary image header.[0m
[0;32mI (270) main_task: Started on CPU0[0m
[0;32mI (280) main_task: Calling app_main()[0m
[0;33mW (280) CAN_DRIVER: CAN driver running in SIMULATION MODE (no hardware required)[0m
[0;32mI (280) MEASUREMENT: Initialising ADC...[0m
[0;32mI (280) MEASUREMENT: ADC initialised successfully[0m
[0;32mI (290) LOGIC: Logic initialised (IDLE)[0m
[0;32mI (290) OUTPUTS: [SIM] Outputs initialised (simulation mode)[0m
[0;32mI (300) LOGIC: State transition: 0 → 1[0m
[0;32mI (300) OUTPUTS: [SIM] PWM duty = 20%[0m
[0;32mI (300) OUTPUTS: [SIM] Relay = ON[0m
[0;32mI (310) OUTPUTS: [SIM] LEDs: PRECHARGE (green slow blink)[0m
[0;32mI (310) CAN_DRIVER: [SIM] TX ID=0x120 DLC=6[0m
[0;32mI (310) CAN_DRIVER: [SIM] TX ID=0x121 DLC=4[0m
[0;32mI (320) CAN_DRIVER: [SIM] TX ID=0x122 DLC=3[0m
[0;32mI (320) main_task: Returned from app_main()[0m
[0;32mI (1300) LOGIC: State transition: 1 → 2[0m
[0;32mI (1300) OUTPUTS: [SIM] PWM duty = 70%[0m
[0;32mI (1300) OUTPUTS: [SIM] Relay = ON[0m
[0;32mI (1300) OUTPUTS: [SIM] LEDs: CHARGING (green solid)[0m
[0;32mI (1300) CAN_DRIVER: [SIM] TX ID=0x120 DLC=6[0m
[0;32mI (1300) CAN_DRIVER: [SIM] TX ID=0x121 DLC=4[0m
[0;32mI (1310) CAN_DRIVER: [SIM] TX ID=0x122 DLC=3[0m
[0;32mI (2300) LOGIC: State transition: 2 → 1[0m
[0;32mI (2300) OUTPUTS: [SIM] PWM duty = 20%[0m
[0;32mI (2300) OUTPUTS: [SIM] Relay = ON[0m
[0;32mI (2300) OUTPUTS: [SIM] LEDs: PRECHARGE (green slow blink)[0m
[0;32mI (2300) CAN_DRIVER: [SIM] TX ID=0x120 DLC=6[0m
[0;32mI (2300) CAN_DRIVER: [SIM] TX ID=0x121 DLC=4[0m
[0;32mI (2310) CAN_DRIVER: [SIM] TX ID=0x122 DLC=3[0m
[0;32mI (3300) LOGIC: State transition: 1 → 2[0m
[0;32mI (3300) OUTPUTS: [SIM] PWM duty = 70%[0m
[0;32mI (3300) OUTPUTS: [SIM] Relay = ON[0m
[0;32mI (3300) OUTPUTS: [SIM] LEDs: CHARGING (green solid)[0m
[0;32mI (3300) CAN_DRIVER: [SIM] TX ID=0x120 DLC=6[0m
[0;32mI (3300) CAN_DRIVER: [SIM] TX ID=0x121 DLC=4[0m
[0;32mI (3310) CAN_DRIVER: [SIM] TX ID=0x122 DLC=3[0m
[0;32mI (4300) LOGIC: State transition: 2 → 1[0m
[0;32mI (4300) OUTPUTS: [SIM] PWM duty = 20%[0m
[0;32mI (4300) OUTPUTS: [SIM] Relay = ON[0m
[0;32mI (4300) OUTPUTS: [SIM] LEDs: PRECHARGE (green slow blink)[0m
[0;32mI (4300) CAN_DRIVER: [SIM] TX ID=0x120 DLC=6[0m
[0;32mI (4300) CAN_DRIVER: [SIM] TX ID=0x121 DLC=4[0m
[0;32mI (4310) CAN_DRIVER: [SIM] TX ID=0x122 DLC=3[0m
[0;32mI (5300) LOGIC: State transition: 1 → 2[0m
[0;32mI (5300) OUTPUTS: [SIM] PWM duty = 70%[0m
[0;32mI (5300) OUTPUTS: [SIM] Relay = ON[0m
[0;32mI (5300) OUTPUTS: [SIM] LEDs: CHARGING (green solid)[0m
[0;32mI (5300) CAN_DRIVER: [SIM] TX ID=0x120 DLC=6[0m
[0;32mI (5300) CAN_DRIVER: [SIM] TX ID=0x121 DLC=4[0m
[0;32mI (5310) CAN_DRIVER: [SIM] TX ID=0x122 DLC=3[0m
[0;32mI (6300) LOGIC: State transition: 2 → 1[0m
[0;32mI (6300) OUTPUTS: [SIM] PWM duty = 20%[0m
[0;32mI (6300) OUTPUTS: [SIM] Relay = ON[0m
[0;32mI (6300) OUTPUTS: [SIM] LEDs: PRECHARGE (green slow blink)[0m
[0;32mI (6300) CAN_DRIVER: [SIM] TX ID=0x120 DLC=6[0m
[0;32mI (6300) CAN_DRIVER: [SIM] TX ID=0x121 DLC=4[0m
[0;32mI (6310) CAN_DRIVER: [SIM] TX ID=0x122 DLC=3[0m
[0;32mI (7300) LOGIC: State transition: 1 → 2[0m
[0;32mI (7300) OUTPUTS: [SIM] PWM duty = 70%[0m
[0;32mI (7300) OUTPUTS: [SIM] Relay = ON[0m
[0;32mI (7300) OUTPUTS: [SIM] LEDs: CHARGING (green solid)[0m
[0;32mI (7300) CAN_DRIVER: [SIM] TX ID=0x120 DLC=6[0m
[0;32mI (7300) CAN_DRIVER: [SIM] TX ID=0x121 DLC=4[0m
[0;32mI (7310) CAN_DRIVER: [SIM] TX ID=0x122 DLC=3[0m
[0;32mI (8300) LOGIC: State transition: 2 → 1[0m
[0;32mI (8300) OUTPUTS: [SIM] PWM duty = 20%[0m
[0;32mI (8300) OUTPUTS: [SIM] Relay = ON[0m
[0;32mI (8300) OUTPUTS: [SIM] LEDs: PRECHARGE (green slow blink)[0m
[0;32mI (8300) CAN_DRIVER: [SIM] TX ID=0x120 DLC=6[0m
[0;32mI (8300) CAN_DRIVER: [SIM] TX ID=0x121 DLC=4[0m
[0;32mI (8310) CAN_DRIVER: [SIM] TX ID=0x122 DLC=3[0m
[0;32mI (9300) LOGIC: State transition: 1 → 2[0m
[0;32mI (9300) OUTPUTS: [SIM] PWM duty = 70%[0m
[0;32mI (9300) OUTPUTS: [SIM] Relay = ON[0m
[0;32mI (9300) OUTPUTS: [SIM] LEDs: CHARGING (green solid)[0m
[0;32mI (9300) CAN_DRIVER: [SIM] TX ID=0x120 DLC=6[0m
[0;32mI (9300) CAN_DRIVER: [SIM] TX ID=0x121 DLC=4[0m
[0;32mI (9310) CAN_DRIVER: [SIM] TX ID=0x122 DLC=3[0m
